[tentaz.com/html/claky/index.html]
[backblue.gif]
[fade.gif]
[index.html]
[tentaz.com/html/claky/assets/images/favicons/apple-touch-icon.png]
[tentaz.com/html/claky/assets/images/favicons/favicon-16x16.png]
[tentaz.com/html/claky/assets/vendors/bootstrap/css/bootstrap.min.css]
[tentaz.com/html/claky/assets/vendors/animate/animate.min.css]
[tentaz.com/html/claky/assets/vendors/jarallax/jarallax.css]
[tentaz.com/html/claky/assets/vendors/jquery-magnific-popup/jquery.magnific-popup.css]
[tentaz.com/html/claky/assets/vendors/odometer/odometer.min.css]
[tentaz.com/html/claky/assets/vendors/swiper/swiper.min.css]
[tentaz.com/html/claky/assets/vendors/claky-icons/style.css]
[tentaz.com/html/claky/assets/vendors/owl-carousel/owl.carousel.min.css]
[tentaz.com/html/claky/assets/vendors/owl-carousel/owl.theme.default.min.css]
[tentaz.com/html/claky/assets/vendors/bootstrap-select/css/bootstrap-select.min.css]
[tentaz.com/html/claky/assets/vendors/jquery-ui/jquery-ui.css]
[tentaz.com/html/claky/assets/vendors/be-vietnam-font/stylesheet.css]
[tentaz.com/html/claky/assets/css/claky.css]
[tentaz.com/html/claky/assets/css/claky-responsive.css]
[tentaz.com/html/claky/assets/images/resources/logo-2.png]
[tentaz.com/html/claky/assets/images/resources/logo-1.png]
[tentaz.com/html/claky/index2.html]
[tentaz.com/html/claky/about.html]
[tentaz.com/html/claky/team.html]
[tentaz.com/html/claky/faq.html]
[tentaz.com/html/claky/services.html]
[tentaz.com/html/claky/glass-cleaning.html]
[tentaz.com/html/claky/house-cleaning.html]
[tentaz.com/html/claky/grout-cleaning.html]
[tentaz.com/html/claky/window-cleaning.html]
[tentaz.com/html/claky/carpet-cleaning.html]
[tentaz.com/html/claky/kitchen-cleaning.html]
[tentaz.com/html/claky/project.html]
[tentaz.com/html/claky/project-details.html]
[tentaz.com/html/claky/blog.html]
[tentaz.com/html/claky/blog-details.html]
[tentaz.com/html/claky/contact.html]
[tentaz.com/html/claky/assets/images/resources/main-slider-img-1-1.jpg]
[tentaz.com/html/claky/assets/images/shapes/main-slider-shape-2.png]
[tentaz.com/html/claky/assets/images/shapes/main-slider-shape-3.png]
[tentaz.com/html/claky/assets/images/shapes/main-slider-shape-4.png]
[tentaz.com/html/claky/assets/images/shapes/main-slider-shape-5.png]
[tentaz.com/html/claky/assets/images/resources/main-slider-img-1-3.jpg]
[tentaz.com/html/claky/assets/images/shapes/section-title-shape-1.png]
[tentaz.com/html/claky/assets/images/shapes/feature-one-shape-2.png]
[tentaz.com/html/claky/assets/images/icon/feature-one-icon-1.png]
[tentaz.com/html/claky/assets/images/icon/feature-one-hover-icon-2.png]
[tentaz.com/html/claky/assets/images/icon/feature-one-icon-3.png]
[tentaz.com/html/claky/assets/images/icon/feature-one-hover-icon-3.png]
[tentaz.com/html/claky/assets/images/icon/feature-one-icon-4.png]
[tentaz.com/html/claky/assets/images/icon/feature-one-hover-icon-4.png]
[tentaz.com/html/claky/assets/images/resources/about-one-img-1.jpg]
[tentaz.com/html/claky/assets/images/shapes/services-one-shape-1.png]
[tentaz.com/html/claky/assets/images/icon/services-one-hover-icon-1.png]
[tentaz.com/html/claky/assets/images/services/services-1-1.jpg]
[tentaz.com/html/claky/assets/images/icon/services-one-icon-3.png]
[tentaz.com/html/claky/assets/images/icon/services-one-hover-icon-3.png]
[tentaz.com/html/claky/assets/images/shapes/counter-one-shape-2.png]
[tentaz.com/html/claky/assets/images/shapes/counter-one-shape-3.png]
[tentaz.com/html/claky/assets/images/shapes/counter-one-shape-4.png]
[tentaz.com/html/claky/assets/images/shapes/counter-one-shape-5.png]
[tentaz.com/html/claky/assets/images/shapes/counter-one-shape-6.png]
[tentaz.com/html/claky/assets/images/resources/pricing-1-1.jpg]
[tentaz.com/html/claky/assets/images/resources/pricing-1-2.jpg]
[tentaz.com/html/claky/assets/images/resources/pricing-1-3.jpg]
[tentaz.com/html/claky/assets/images/resources/pricing-1-5.jpg]
[tentaz.com/html/claky/assets/images/resources/pricing-1-6.jpg]
[tentaz.com/html/claky/assets/images/testimonial/testimonial-one-img-1.jpg]
[tentaz.com/html/claky/assets/images/backgrounds/testimonial-one-bg.png]
[tentaz.com/html/claky/assets/images/shapes/section-title-shape-2.png]
[tentaz.com/html/claky/assets/images/shapes/video-one-shape-1.png]
[tentaz.com/html/claky/assets/images/backgrounds/project-one-bg.png]
[tentaz.com/html/claky/assets/images/project/project-1-1.jpg]
[tentaz.com/html/claky/assets/images/project/project-1-2.jpg]
[tentaz.com/html/claky/assets/images/shapes/cta-one-shape-2.png]
[tentaz.com/html/claky/assets/images/shapes/cta-one-shape-4.png]
[tentaz.com/html/claky/assets/images/backgrounds/team-one-bg.png]
[tentaz.com/html/claky/assets/images/team/team-1-3.jpg]
[tentaz.com/html/claky/assets/images/team/team-1-4.jpg]
[tentaz.com/html/claky/assets/images/shapes/contact-one-shape-1.png]
[tentaz.com/html/claky/assets/images/resources/contact-one-img.png]
[tentaz.com/html/claky/assets/images/blog/blog-1-1.jpg]
[tentaz.com/html/claky/assets/images/blog/blog-1-2.jpg]
[tentaz.com/html/claky/assets/images/blog/blog-1-3.jpg]
[tentaz.com/html/claky/assets/images/brand/brand-1-2.png]
[tentaz.com/html/claky/assets/images/backgrounds/site-footer-bg.png]
[tentaz.com/html/claky/assets/images/resources/footer-logo-1.png]
[tentaz.com/html/claky/assets/images/gallery/footer-widget-gallery-img-1.jpg]
[tentaz.com/html/claky/assets/images/gallery/footer-widget-gallery-img-2.jpg]
[tentaz.com/html/claky/assets/images/gallery/footer-widget-gallery-img-3.jpg]
[tentaz.com/html/claky/assets/images/gallery/footer-widget-gallery-img-4.jpg]
[tentaz.com/html/claky/assets/images/gallery/footer-widget-gallery-img-5.jpg]
[tentaz.com/html/claky/assets/images/gallery/footer-widget-gallery-img-6.jpg]
[tentaz.com/html/claky/assets/vendors/bootstrap/js/bootstrap.bundle.min.js]
[tentaz.com/html/claky/assets/vendors/jquery/jquery-3.7.0.min.js]
[tentaz.com/html/claky/assets/vendors/jarallax/jarallax.min.js]
[tentaz.com/html/claky/assets/vendors/jquery-magnific-popup/jquery.magnific-popup.min.js]
[tentaz.com/html/claky/assets/vendors/jquery-validate/jquery.validate.min.js]
[tentaz.com/html/claky/assets/vendors/swiper/swiper.min.js]
[tentaz.com/html/claky/assets/vendors/wow/wow.js]
[tentaz.com/html/claky/assets/vendors/owl-carousel/owl.carousel.min.js]
[tentaz.com/html/claky/assets/vendors/bootstrap-select/js/bootstrap-select.min.js]
[tentaz.com/html/claky/assets/vendors/jquery.circle-type/jquery.circleType.js]
[tentaz.com/html/claky/assets/vendors/jquery.circle-type/jquery.lettering.min.js]
[tentaz.com/html/claky/assets/vendors/sidebar-content/jquery-sidebar-content.js]
[tentaz.com/html/claky/index.html]
[tentaz.com/html/claky/assets/vendors/jquery-ui/jquery-ui.js]
[tentaz.com/html/claky/assets/vendors/bootstrap/css/bootstrap.min.css]
[tentaz.com/html/claky/assets/vendors/animate/animate.min.css]
[tentaz.com/html/claky/assets/vendors/jarallax/jarallax.css]
[tentaz.com/html/claky/assets/vendors/jquery-magnific-popup/jquery.magnific-popup.css]
[tentaz.com/html/claky/assets/vendors/odometer/odometer.min.css]
[tentaz.com/html/claky/assets/vendors/swiper/swiper.min.css]
[tentaz.com/html/claky/assets/vendors/animate/custom-animate.css]
[tentaz.com/html/claky/assets/vendors/claky-icons/fonts/icomoon78ed.eot]
[tentaz.com/html/claky/assets/vendors/fontawesome/css/all.min.css]
[tentaz.com/html/claky/assets/vendors/claky-icons/fonts/icomoon78ed.woff]
[tentaz.com/html/claky/assets/vendors/claky-icons/style.css]
[tentaz.com/html/claky/assets/vendors/owl-carousel/owl.video.play.92.delayed]
[tentaz.com/html/claky/assets/vendors/owl-carousel/owl.carousel.min.css]
[tentaz.com/html/claky/assets/vendors/owl-carousel/owl.theme.default.min.css]
[tentaz.com/html/claky/assets/vendors/bootstrap-select/css/bootstrap-select.min.css]
[tentaz.com/html/claky/assets/vendors/jquery-ui/images/ui-bg_highlight-soft_75_cccccc_1x100.png]
[tentaz.com/html/claky/assets/vendors/jquery-ui/images/ui-bg_glass_75_e6e6e6_1x400.png]
[tentaz.com/html/claky/assets/vendors/jquery-ui/images/ui-bg_glass_75_dadada_1x400.png]
[tentaz.com/html/claky/assets/vendors/jquery-ui/images/ui-bg_glass_65_ffffff_1x400.png]
[tentaz.com/html/claky/assets/vendors/jquery-ui/images/ui-bg_glass_55_fbf9ee_1x400.png]
[tentaz.com/html/claky/assets/vendors/jquery-ui/images/ui-bg_glass_95_fef1ec_1x400.png]
[tentaz.com/html/claky/assets/vendors/jquery-ui/images/ui-icons_222222_256x240.png]
[tentaz.com/html/claky/assets/vendors/jquery-ui/images/ui-icons_888888_256x240.png]
[tentaz.com/html/claky/assets/vendors/jquery-ui/images/ui-icons_454545_256x240.png]
[tentaz.com/html/claky/assets/vendors/jquery-ui/images/ui-icons_2e83ff_256x240.png]
[tentaz.com/html/claky/assets/vendors/jquery-ui/images/ui-icons_cd0a0a_256x240.png]
[tentaz.com/html/claky/assets/vendors/jquery-ui/jquery-ui.css]
[tentaz.com/html/claky/assets/vendors/be-vietnam-font/BeVietnam-Bold.woff2]
[tentaz.com/html/claky/assets/vendors/be-vietnam-font/BeVietnam-ExtraBold.woff2]
[tentaz.com/html/claky/assets/vendors/be-vietnam-font/BeVietnam-BoldItalic.woff2]
[tentaz.com/html/claky/assets/vendors/be-vietnam-font/BeVietnam-Light.woff2]
[tentaz.com/html/claky/assets/vendors/be-vietnam-font/BeVietnam-MediumItalic.woff2]
[tentaz.com/html/claky/assets/vendors/be-vietnam-font/BeVietnam-ExtraBoldItalic.woff2]
[tentaz.com/html/claky/assets/vendors/be-vietnam-font/BeVietnam-LightItalic.woff2]
[tentaz.com/html/claky/assets/vendors/be-vietnam-font/BeVietnam-Medium.woff2]
[tentaz.com/html/claky/assets/vendors/be-vietnam-font/BeVietnam-Italic.woff2]
[tentaz.com/html/claky/assets/vendors/be-vietnam-font/BeVietnam-SemiBoldItalic.woff2]
[tentaz.com/html/claky/assets/vendors/be-vietnam-font/BeVietnam-Regular.woff2]
[tentaz.com/html/claky/assets/vendors/be-vietnam-font/BeVietnam-SemiBold.woff2]
[tentaz.com/html/claky/assets/vendors/be-vietnam-font/BeVietnam-Thin.woff2]
[tentaz.com/html/claky/assets/vendors/be-vietnam-font/BeVietnam-ThinItalic.woff2]
[tentaz.com/html/claky/assets/vendors/be-vietnam-font/stylesheet.css]
[tentaz.com/html/claky/assets/images/loader.png]
[tentaz.com/html/claky/assets/images/icon/cross-out.png]
[tentaz.com/html/claky/assets/css/claky.css]
[tentaz.com/html/claky/assets/css/claky-responsive.css]
[tentaz.com/html/claky/assets/images/resources/main-slider-two-img-1-1.png]
[tentaz.com/html/claky/assets/images/resources/main-slider-two-img-1-2.png]
[tentaz.com/html/claky/assets/images/resources/main-slider-two-img-1-3.png]
[tentaz.com/html/claky/assets/images/backgrounds/brand-two-bg.jpg]
[tentaz.com/html/claky/assets/images/shapes/about-two-shape-2.png]
[tentaz.com/html/claky/assets/images/resources/about-two-img-1.jpg]
[tentaz.com/html/claky/assets/images/resources/about-two-img-2.jpg]
[tentaz.com/html/claky/assets/images/shapes/about-two-shape-1.png]
[tentaz.com/html/claky/assets/images/shapes/section-title-two-shape-1.png]
[tentaz.com/html/claky/assets/images/icon/about-two-icon-1.png]
[tentaz.com/html/claky/assets/images/icon/about-two-icon-2.png]
[tentaz.com/html/claky/assets/images/icon/about-two-icon-3.png]
[tentaz.com/html/claky/assets/images/shapes/services-one-bg-shape.png]
[tentaz.com/html/claky/assets/images/services/services-2-1.jpg]
[tentaz.com/html/claky/assets/images/shapes/services-two-shape-1.png]
[tentaz.com/html/claky/assets/images/shapes/services-two-shape-2.png]
[tentaz.com/html/claky/assets/images/icon/services-two-icon-1.png]
[tentaz.com/html/claky/assets/images/icon/services-two-hover-icon-1.png]
[tentaz.com/html/claky/assets/images/services/services-2-2.jpg]
[tentaz.com/html/claky/assets/images/icon/services-two-icon-2.png]
[tentaz.com/html/claky/assets/images/icon/services-two-hover-icon-2.png]
[tentaz.com/html/claky/assets/images/services/services-2-3.jpg]
[tentaz.com/html/claky/assets/images/icon/services-two-icon-3.png]
[tentaz.com/html/claky/assets/images/icon/services-two-hover-icon-3.png]
[tentaz.com/html/claky/assets/images/services/services-2-4.jpg]
[tentaz.com/html/claky/assets/images/icon/services-two-icon-4.png]
[tentaz.com/html/claky/assets/images/icon/services-two-hover-icon-4.png]
[tentaz.com/html/claky/assets/images/shapes/counter-two-shape-1.png]
[tentaz.com/html/claky/assets/images/shapes/counter-two-shape-2.png]
[tentaz.com/html/claky/assets/images/resources/counter-two-img-1.jpg]
[tentaz.com/html/claky/assets/images/resources/counter-two-img-2.jpg]
[tentaz.com/html/claky/assets/images/resources/counter-two-img-3.jpg]
[tentaz.com/html/claky/assets/images/shapes/award-one-shape-1.png]
[tentaz.com/html/claky/assets/images/shapes/award-one-shape-2.png]
[tentaz.com/html/claky/assets/images/resources/award-1-1.png]
[tentaz.com/html/claky/assets/images/resources/award-1-2.png]
[tentaz.com/html/claky/assets/images/resources/award-1-3.png]
[tentaz.com/html/claky/assets/images/resources/award-1-4.png]
[tentaz.com/html/claky/assets/images/backgrounds/testimonial-two-bg.png]
[tentaz.com/html/claky/assets/images/shapes/section-title-two-shape-2.png]
[tentaz.com/html/claky/assets/images/testimonial/testimonial-2-1.jpg]
[tentaz.com/html/claky/assets/images/testimonial/testimonial-2-2.jpg]
[tentaz.com/html/claky/assets/images/testimonial/testimonial-2-3.jpg]
[tentaz.com/html/claky/assets/images/testimonial/testimonial-2-4.jpg]
[tentaz.com/html/claky/assets/images/testimonial/testimonial-2-5.jpg]
[tentaz.com/html/claky/assets/images/shapes/why-choose-one-shape-1.png]
[tentaz.com/html/claky/assets/images/shapes/why-choose-one-hover-shape-1.png]
[tentaz.com/html/claky/assets/images/icon/why-choose-one-icon-1.png]
[tentaz.com/html/claky/assets/images/icon/why-choose-one-hover-icon-1.png]
[tentaz.com/html/claky/assets/images/icon/why-choose-one-icon-2.png]
[tentaz.com/html/claky/assets/images/icon/why-choose-one-hover-icon-2.png]
[tentaz.com/html/claky/assets/images/icon/why-choose-one-icon-3.png]
[tentaz.com/html/claky/assets/images/icon/why-choose-one-hover-icon-3.png]
[tentaz.com/html/claky/assets/images/icon/why-choose-one-icon-4.png]
[tentaz.com/html/claky/assets/images/icon/why-choose-one-hover-icon-4.png]
[tentaz.com/html/claky/assets/images/resources/why-choose-one-img-1.jpg]
[tentaz.com/html/claky/assets/images/project/project-2-1.jpg]
[tentaz.com/html/claky/assets/images/project/project-2-2.jpg]
[tentaz.com/html/claky/assets/images/project/project-2-3.jpg]
[tentaz.com/html/claky/assets/images/project/project-2-4.jpg]
[tentaz.com/html/claky/assets/images/shapes/appointment-one-shape-1.png]
[tentaz.com/html/claky/assets/images/resources/appointment-one-img.jpg]
[tentaz.com/html/claky/assets/images/backgrounds/appointment-one-right-bg.jpg]
[tentaz.com/html/claky/assets/images/shapes/pricing-two-shape-1.png]
[tentaz.com/html/claky/assets/images/shapes/pricing-two-shape-2.png]
[tentaz.com/html/claky/assets/images/shapes/pricing-two-shape-3.png]
[tentaz.com/html/claky/assets/images/shapes/pricing-two-shape-4.png]
[tentaz.com/html/claky/assets/images/shapes/pricing-two-shape-5.png]
[tentaz.com/html/claky/pricing.html]
[tentaz.com/html/claky/assets/images/blog/blog-2-1.jpg]
[tentaz.com/html/claky/assets/images/blog/blog-2-2.jpg]
[tentaz.com/html/claky/assets/images/blog/blog-2-3.jpg]
[tentaz.com/html/claky/assets/images/shapes/cta-two-shape-1.png]
[tentaz.com/html/claky/assets/images/shapes/cta-two-shape-2.png]
[tentaz.com/html/claky/assets/images/shapes/cta-two-shape-3.png]
[tentaz.com/html/claky/assets/images/shapes/cta-two-shape-4.png]
[tentaz.com/html/claky/assets/images/backgrounds/site-footer-two-bg.png]
[tentaz.com/html/claky/assets/images/resources/site-footer-two-logo.png]
[tentaz.com/html/claky/index2.html]
[tentaz.com/html/claky/assets/images/backgrounds/page-header-bg.jpg]
[tentaz.com/html/claky/assets/images/shapes/award-two-shape-1.png]
[tentaz.com/html/claky/assets/images/resources/award-2-1.png]
[tentaz.com/html/claky/assets/images/resources/award-2-2.png]
[tentaz.com/html/claky/assets/images/resources/award-2-3.png]
[tentaz.com/html/claky/assets/images/resources/award-2-4.png]
[tentaz.com/html/claky/assets/images/resources/about-three-img-1.jpg]
[tentaz.com/html/claky/assets/images/resources/about-three-img-2.jpg]
[tentaz.com/html/claky/assets/images/icon/about-three-icon-1.png]
[tentaz.com/html/claky/assets/images/icon/about-three-icon-2.png]
[tentaz.com/html/claky/assets/images/backgrounds/video-two-bg.jpg]
[tentaz.com/html/claky/assets/images/shapes/video-two-shape-1.png]
[tentaz.com/html/claky/assets/images/testimonial/testimonial-three-img-1.jpg]
[tentaz.com/html/claky/about.html]
[tentaz.com/html/claky/assets/images/shapes/team-page-shape-1.png]
[tentaz.com/html/claky/assets/images/shapes/team-page-shape-2.png]
[tentaz.com/html/claky/assets/images/shapes/team-page-shape-3.png]
[tentaz.com/html/claky/assets/images/shapes/team-page-shape-4.png]
[tentaz.com/html/claky/assets/images/team/team-1-5.jpg]
[tentaz.com/html/claky/assets/images/team/team-1-6.jpg]
[tentaz.com/html/claky/assets/images/team/team-1-7.jpg]
[tentaz.com/html/claky/assets/images/team/team-1-8.jpg]
[tentaz.com/html/claky/assets/images/shapes/cta-three-shape-1.png]
[tentaz.com/html/claky/assets/images/shapes/cta-three-shape-2.png]
[tentaz.com/html/claky/assets/images/shapes/cta-three-shape-3.png]
[tentaz.com/html/claky/assets/images/shapes/cta-three-shape-4.png]
[tentaz.com/html/claky/assets/images/shapes/cta-three-shape-5.png]
[tentaz.com/html/claky/assets/images/shapes/cta-three-shape-6.png]
[tentaz.com/html/claky/team.html]
[tentaz.com/html/claky/assets/images/backgrounds/contact-two-bg.png]
[tentaz.com/html/claky/faq.html]
[tentaz.com/html/claky/assets/images/resources/why-choose-two-img-1.jpg]
[tentaz.com/html/claky/assets/images/shapes/why-choose-two-shape-1.png]
[tentaz.com/html/claky/assets/images/shapes/services-page-shape-1.png]
[tentaz.com/html/claky/assets/images/icon/services-one-icon-4.png]
[tentaz.com/html/claky/assets/images/icon/services-one-hover-icon-4.png]
[tentaz.com/html/claky/assets/images/services/services-1-4.jpg]
[tentaz.com/html/claky/assets/images/icon/services-one-icon-5.png]
[tentaz.com/html/claky/assets/images/icon/services-one-hover-icon-5.png]
[tentaz.com/html/claky/assets/images/services/services-1-5.jpg]
[tentaz.com/html/claky/assets/images/icon/services-one-icon-6.png]
[tentaz.com/html/claky/assets/images/icon/services-one-hover-icon-6.png]
[tentaz.com/html/claky/assets/images/services/services-1-6.jpg]
[tentaz.com/html/claky/services.html]
[tentaz.com/html/claky/assets/images/services/service-details-img-1-3.jpg]
[tentaz.com/html/claky/assets/images/shapes/feature-three-shape-1.png]
[tentaz.com/html/claky/assets/images/icon/feature-three-icon-1.png]
[tentaz.com/html/claky/assets/images/icon/feature-three-icon-2.png]
[tentaz.com/html/claky/assets/images/icon/feature-three-icon-3.png]
[tentaz.com/html/claky/assets/images/services/service-details-img-2.jpg]
[tentaz.com/html/claky/assets/images/icon/services-details-points-icon-1.png]
[tentaz.com/html/claky/assets/images/icon/services-details-points-icon-2.png]
[tentaz.com/html/claky/assets/images/services/service-details-img-3.jpg]
[tentaz.com/html/claky/assets/images/services/service-details-img-4.jpg]
[tentaz.com/html/claky/glass-cleaning.html]
[tentaz.com/html/claky/assets/images/services/service-details-img-1-1.jpg]
[tentaz.com/html/claky/house-cleaning.html]
[tentaz.com/html/claky/assets/images/services/service-details-img-1-4.jpg]
[tentaz.com/html/claky/grout-cleaning.html]
[tentaz.com/html/claky/assets/images/services/service-details-img-1-5.jpg]
[tentaz.com/html/claky/window-cleaning.html]
[tentaz.com/html/claky/assets/images/services/service-details-img-1-2.jpg]
[tentaz.com/html/claky/carpet-cleaning.html]
[tentaz.com/html/claky/assets/images/services/service-details-img-1-6.jpg]
[tentaz.com/html/claky/kitchen-cleaning.html]
[tentaz.com/html/claky/assets/images/project/project-page-1-1.jpg]
[tentaz.com/html/claky/assets/images/project/project-page-1-2.jpg]
[tentaz.com/html/claky/assets/images/project/project-page-1-3.jpg]
[tentaz.com/html/claky/assets/images/project/project-page-1-4.jpg]
[tentaz.com/html/claky/assets/images/project/project-page-1-5.jpg]
[tentaz.com/html/claky/assets/images/project/project-page-1-6.jpg]
[tentaz.com/html/claky/assets/images/testimonial/testimonial-4-1.jpg]
[tentaz.com/html/claky/assets/images/testimonial/testimonial-4-2.jpg]
[tentaz.com/html/claky/assets/images/testimonial/testimonial-4-3.jpg]
[tentaz.com/html/claky/project.html]
[tentaz.com/html/claky/assets/images/project/project-details-img-1.jpg]
[tentaz.com/html/claky/assets/images/project/project-details-img-2.jpg]
[tentaz.com/html/claky/assets/images/project/project-details-img-3.jpg]
[tentaz.com/html/claky/assets/images/project/project-details-img-4.jpg]
[tentaz.com/html/claky/assets/images/project/project-details-img-5.jpg]
[tentaz.com/html/claky/project-details.html]
[tentaz.com/html/claky/assets/images/blog/blog-page-1-1.jpg]
[tentaz.com/html/claky/assets/images/blog/blog-page-1-2.jpg]
[tentaz.com/html/claky/assets/images/blog/blog-page-1-3.jpg]
[tentaz.com/html/claky/assets/images/blog/blog-page-1-4.jpg]
[tentaz.com/html/claky/assets/images/blog/admin-img-1.jpg]
[tentaz.com/html/claky/assets/images/blog/blog-lp-1.jpg]
[tentaz.com/html/claky/assets/images/blog/blog-lp-2.jpg]
[tentaz.com/html/claky/assets/images/blog/blog-lp-3.jpg]
[tentaz.com/html/claky/blog.html]
[tentaz.com/html/claky/assets/images/blog/blog-details-1-1.jpg]
[tentaz.com/html/claky/assets/images/blog/blog-details-1-2.jpg]
[tentaz.com/html/claky/assets/images/blog/blog-details-1-3.jpg]
[tentaz.com/html/claky/blog-details.html]
[tentaz.com/html/claky/assets/images/resources/contact-page-img-1.jpg]
[tentaz.com/html/claky/assets/images/backgrounds/contact-page-right-bg.jpg]
[tentaz.com/html/claky/contact.html]
[tentaz.com/html/claky/assets/images/backgrounds/feature-one-bg.png]
[tentaz.com/html/claky/assets/images/shapes/feature-one-shape-1.png]
[tentaz.com/html/claky/assets/images/resources/main-slider-img-1-2.jpg]
[tentaz.com/html/claky/assets/images/icon/feature-one-icon-2.png]
[tentaz.com/html/claky/assets/images/icon/feature-one-hover-icon-1.png]
[tentaz.com/html/claky/assets/images/icon/services-one-icon-1.png]
[tentaz.com/html/claky/assets/images/icon/services-one-icon-2.png]
[tentaz.com/html/claky/assets/images/icon/services-one-hover-icon-2.png]
[tentaz.com/html/claky/assets/images/services/services-1-2.jpg]
[tentaz.com/html/claky/assets/images/services/services-1-3.jpg]
[tentaz.com/html/claky/assets/images/shapes/counter-one-shape-1.png]
[tentaz.com/html/claky/assets/images/testimonial/testimonial-1-1.jpg]
[tentaz.com/html/claky/assets/images/testimonial/testimonial-1-2.jpg]
[tentaz.com/html/claky/assets/images/backgrounds/video-one-bg.png]
[tentaz.com/html/claky/assets/images/project/project-1-3.jpg]
[tentaz.com/html/claky/assets/images/resources/about-one-author-img.jpg]
[tentaz.com/html/claky/assets/images/team/team-1-1.jpg]
[tentaz.com/html/claky/assets/images/resources/pricing-1-4.jpg]
[tentaz.com/html/claky/assets/images/team/team-1-2.jpg]
[tentaz.com/html/claky/assets/images/icon/contact-one-icon-1.png]
[tentaz.com/html/claky/assets/images/icon/contact-one-icon-2.png]
[tentaz.com/html/claky/assets/images/brand/brand-1-1.png]
[tentaz.com/html/claky/assets/images/brand/brand-1-3.png]
[tentaz.com/html/claky/assets/images/shapes/cta-one-shape-1.png]
[tentaz.com/html/claky/assets/images/brand/brand-1-4.png]
[tentaz.com/html/claky/assets/images/brand/brand-1-5.png]
[tentaz.com/html/claky/assets/vendors/jquery-circle-progress/jquery.circle-progress.min.js]
[tentaz.com/html/claky/assets/vendors/jquery-ajaxchimp/jquery.ajaxchimp.min.js]
[tentaz.com/html/claky/assets/vendors/wnumb/wNumb.min.js]
[tentaz.com/html/claky/assets/vendors/isotope/isotope.js]
[tentaz.com/html/claky/assets/images/shapes/cta-one-shape-3.png]
[tentaz.com/html/claky/assets/js/claky.js]
[tentaz.com/html/claky/assets/images/favicons/favicon-32x32.png]
[tentaz.com/html/claky/assets/vendors/animate/custom-animate.css]
[tentaz.com/html/claky/assets/images/favicons/site.webmanifest]
[tentaz.com/html/claky/assets/vendors/jquery-appear/jquery.appear.min.js]
[tentaz.com/html/claky/assets/vendors/odometer/odometer.min.js]
[tentaz.com/html/claky/assets/vendors/fontawesome/webfonts/fa-brands-400.eot]
[tentaz.com/html/claky/assets/vendors/fontawesome/webfonts/fa-brands-400d41d.eot]
[tentaz.com/html/claky/assets/vendors/fontawesome/webfonts/fa-brands-400.woff2]
[tentaz.com/html/claky/assets/vendors/fontawesome/webfonts/fa-brands-400.woff]
[tentaz.com/html/claky/assets/vendors/fontawesome/webfonts/fa-brands-400.ttf]
[tentaz.com/html/claky/assets/vendors/fontawesome/webfonts/fa-regular-400.eot]
[tentaz.com/html/claky/assets/vendors/fontawesome/webfonts/fa-regular-400d41d.eot]
[tentaz.com/html/claky/assets/vendors/fontawesome/webfonts/fa-regular-400.woff2]
[tentaz.com/html/claky/assets/vendors/fontawesome/webfonts/fa-regular-400.woff]
[tentaz.com/html/claky/assets/vendors/fontawesome/webfonts/fa-regular-400.ttf]
[tentaz.com/html/claky/assets/vendors/fontawesome/webfonts/fa-solid-900.eot]
[tentaz.com/html/claky/assets/vendors/fontawesome/webfonts/fa-solid-900d41d.eot]
[tentaz.com/html/claky/assets/vendors/fontawesome/webfonts/fa-solid-900.woff2]
[tentaz.com/html/claky/assets/vendors/fontawesome/webfonts/fa-solid-900.woff]
[tentaz.com/html/claky/assets/vendors/fontawesome/webfonts/fa-solid-900.ttf]
[tentaz.com/html/claky/assets/vendors/fontawesome/css/all.min.css]
[tentaz.com/html/claky/assets/vendors/claky-icons/fonts/icomoon78ed.ttf]
[tentaz.com/html/claky/assets/vendors/owl-carousel/owl.video.play.html]
[tentaz.com/html/claky/assets/vendors/be-vietnam-font/BeVietnam-Bold.woff]
[tentaz.com/html/claky/assets/vendors/be-vietnam-font/BeVietnam-ExtraBold.woff]
[tentaz.com/html/claky/assets/vendors/be-vietnam-font/BeVietnam-BoldItalic.woff]
[tentaz.com/html/claky/assets/vendors/be-vietnam-font/BeVietnam-Light.woff]
[tentaz.com/html/claky/assets/vendors/be-vietnam-font/BeVietnam-MediumItalic.woff]
[tentaz.com/html/claky/assets/vendors/be-vietnam-font/BeVietnam-ExtraBoldItalic.woff]
[tentaz.com/html/claky/assets/vendors/be-vietnam-font/BeVietnam-LightItalic.woff]
[tentaz.com/html/claky/assets/vendors/be-vietnam-font/BeVietnam-Medium.woff]
[tentaz.com/html/claky/assets/vendors/be-vietnam-font/BeVietnam-Italic.woff]
[tentaz.com/html/claky/assets/vendors/be-vietnam-font/BeVietnam-SemiBoldItalic.woff]
[tentaz.com/html/claky/assets/vendors/be-vietnam-font/BeVietnam-Regular.woff]
[tentaz.com/html/claky/assets/vendors/be-vietnam-font/BeVietnam-SemiBold.woff]
[tentaz.com/html/claky/assets/vendors/be-vietnam-font/BeVietnam-Thin.woff]
[tentaz.com/html/claky/assets/vendors/be-vietnam-font/BeVietnam-ThinItalic.woff]
[tentaz.com/html/claky/assets/images/backgrounds/pricing-one-bg.png]
[tentaz.com/html/claky/services-details.html]
[tentaz.com/html/claky/pricing.html]
[tentaz.com/html/claky/assets/images/backgrounds/contact-page-right-bg.html]
[tentaz.com/html/claky/assets/vendors/fontawesome/webfonts/fa-brands-400.svg]
[tentaz.com/html/claky/assets/vendors/fontawesome/webfonts/fa-regular-400.svg]
[tentaz.com/html/claky/assets/vendors/fontawesome/webfonts/fa-solid-900.svg]
[tentaz.com/html/claky/assets/vendors/claky-icons/fonts/icomoon78ed.svg]
[tentaz.com/html/claky/services-details.html]
